============================= test session starts =============================
platform win32 -- Python 3.12.2, pytest-9.0.3, pluggy-1.6.0
rootdir: C:\Users\ajith\Desktop\AI_Agents\Clarity\backend
configfile: pyproject.toml
plugins: anyio-4.13.0, langsmith-0.8.4, asyncio-1.3.0, cov-7.1.0
asyncio: mode=Mode.AUTO, debug=False, asyncio_default_fixture_loop_scope=None, asyncio_default_test_loop_scope=function
collected 1 item

tests\test_hybrid_search.py F                                            [100%]

================================== FAILURES ===================================
________________________ test_hybrid_search_end_to_end ________________________

    @pytest.mark.asyncio
    async def test_hybrid_search_end_to_end():
        # Initialize SQL database tables
        await init_db()
    
        # 1. Initialize Qdrant collections if they don't exist
        await init_qdrant_collections()
    
        # 2. Get database session
        async with async_session() as db:
            # Create a test user
            user = User(
                id=uuid.uuid4(),
                email=f"test_user_{uuid.uuid4().hex[:6]}@example.com",
                display_name="Test User"
            )
            db.add(user)
            await db.commit()
            await db.refresh(user)
    
            # Create a test project
            project = Project(
                id=uuid.uuid4(),
                name=f"Search Test Project {uuid.uuid4().hex[:6]}",
                description="Testing Hybrid Search and BFS enrichment",
                owner_id=user.id
            )
            db.add(project)
            await db.commit()
            await db.refresh(project)
    
            # Create a mock requirement
            requirement = Requirement(
                id=uuid.uuid4(),
                project_id=project.id,
                title="SSO Authentication Support",
                description="The system must support secure Google SSO authentication login workflow.",
                confidence=0.95
            )
            db.add(requirement)
    
            # Create a mock decision
            decision = Decision(
                id=uuid.uuid4(),
                project_id=project.id,
                title="Use FastAPI for Backend Framework",
                rationale="We decided to use FastAPI because of its excellent support for async operations and automatic OpenAPI/Swagger documentation.",
                confidence=0.98
            )
            db.add(decision)
            await db.commit()
            await db.refresh(requirement)
            await db.refresh(decision)
    
            # Create an edge linking Requirement to Decision (Justified By)
            edge = GraphEdge(
                project_id=project.id,
                source_type="requirements",
                source_id=requirement.id,
                target_type="decisions",
                target_id=decision.id,
                edge_type=EdgeType.JUSTIFIED_BY,
                weight=1.0,
                description="The decision to use FastAPI justifies our SSO backend strategy."
            )
            db.add(edge)
            await db.commit()
    
            # 3. Synchronize nodes to Qdrant (generates Gemini embeddings and upserts)
            # We search with Gemini embeddings
            sync_req = await sync_node_to_vector_store(
                collection_name="requirements",
                node_id=requirement.id,
                project_id=project.id,
                node_type="requirements",
                content=f"{requirement.title}: {requirement.description}",
                metadata={"title": requirement.title}
            )
            assert sync_req is True, "Failed to sync Requirement to Qdrant"
    
            sync_dec = await sync_node_to_vector_store(
                collection_name="decisions",
                node_id=decision.id,
                project_id=project.id,
                node_type="decisions",
                content=f"{decision.title}: {decision.rationale}",
                metadata={"title": decision.title}
            )
            assert sync_dec is True, "Failed to sync Decision to Qdrant"
    
            # 4. Perform Hybrid Search
            # Keyword Search Match
            results_keyword = await hybrid_search(
                db=db,
                query="SSO Authentication",
                project_id=project.id,
                limit=5
            )
            assert len(results_keyword) > 0, "No results found for keyword query"
            assert results_keyword[0].node_id == requirement.id, "SSO Requirement should be the top match"
    
            # Verify BFS Graph Context Enrichment
            ctx = results_keyword[0].graph_context
            assert ctx is not None, "Graph context should be enriched"
            assert len(ctx.get("outgoing_edges", [])) > 0, "SSO Requirement should have an outgoing edge to Decision"
            assert ctx["outgoing_edges"][0]["type"] == "justified_by"
            assert ctx["outgoing_edges"][0]["target"] == str(decision.id)
    
            # Semantic Search Match (using a synonym or semantic idea like "login system credentials")
            results_semantic = await hybrid_search(
                db=db,
                query="login system credentials",
                project_id=project.id,
                limit=5
            )
>           assert len(results_semantic) > 0, "No results found for semantic query"
E           AssertionError: No results found for semantic query
E           assert 0 > 0
E            +  where 0 = len([])

tests\test_hybrid_search.py:130: AssertionError
---------------------------- Captured stdout call -----------------------------
2026-05-17 11:16:35,834 INFO sqlalchemy.engine.Engine select pg_catalog.version()
2026-05-17 11:16:35,834 INFO sqlalchemy.engine.Engine [raw sql] ()
2026-05-17 11:16:35,843 INFO sqlalchemy.engine.Engine select current_schema()
2026-05-17 11:16:35,843 INFO sqlalchemy.engine.Engine [raw sql] ()
2026-05-17 11:16:35,848 INFO sqlalchemy.engine.Engine show standard_conforming_strings
2026-05-17 11:16:35,848 INFO sqlalchemy.engine.Engine [raw sql] ()
2026-05-17 11:16:35,850 INFO sqlalchemy.engine.Engine BEGIN (implicit)
2026-05-17 11:16:35,851 INFO sqlalchemy.engine.Engine CREATE EXTENSION IF NOT EXISTS vector
2026-05-17 11:16:35,851 INFO sqlalchemy.engine.Engine [generated in 0.00014s] ()
2026-05-17 11:16:35,858 INFO sqlalchemy.engine.Engine SELECT pg_catalog.pg_class.relname 
FROM pg_catalog.pg_class JOIN pg_catalog.pg_namespace ON pg_catalog.pg_namespace.oid = pg_catalog.pg_class.relnamespace 
WHERE pg_catalog.pg_class.relname = $1::VARCHAR AND pg_catalog.pg_class.relkind = ANY (ARRAY[$2::VARCHAR, $3::VARCHAR, $4::VARCHAR, $5::VARCHAR, $6::VARCHAR]) AND pg_catalog.pg_table_is_visible(pg_catalog.pg_class.oid) AND pg_catalog.pg_namespace.nspname != $7::VARCHAR
2026-05-17 11:16:35,858 INFO sqlalchemy.engine.Engine [generated in 0.00041s] ('users', 'r', 'p', 'f', 'v', 'm', 'pg_catalog')
2026-05-17 11:16:35,863 INFO sqlalchemy.engine.Engine SELECT pg_catalog.pg_class.relname 
FROM pg_catalog.pg_class JOIN pg_catalog.pg_namespace ON pg_catalog.pg_namespace.oid = pg_catalog.pg_class.relnamespace 
WHERE pg_catalog.pg_class.relname = $1::VARCHAR AND pg_catalog.pg_class.relkind = ANY (ARRAY[$2::VARCHAR, $3::VARCHAR, $4::VARCHAR, $5::VARCHAR, $6::VARCHAR]) AND pg_catalog.pg_table_is_visible(pg_catalog.pg_class.oid) AND pg_catalog.pg_namespace.nspname != $7::VARCHAR
2026-05-17 11:16:35,863 INFO sqlalchemy.engine.Engine [cached since 0.004755s ago] ('projects', 'r', 'p', 'f', 'v', 'm', 'pg_catalog')
2026-05-17 11:16:35,866 INFO sqlalchemy.engine.Engine SELECT pg_catalog.pg_class.relname 
FROM pg_catalog.pg_class JOIN pg_catalog.pg_namespace ON pg_catalog.pg_namespace.oid = pg_catalog.pg_class.relnamespace 
WHERE pg_catalog.pg_class.relname = $1::VARCHAR AND pg_catalog.pg_class.relkind = ANY (ARRAY[$2::VARCHAR, $3::VARCHAR, $4::VARCHAR, $5::VARCHAR, $6::VARCHAR]) AND pg_catalog.pg_table_is_visible(pg_catalog.pg_class.oid) AND pg_catalog.pg_namespace.nspname != $7::VARCHAR
2026-05-17 11:16:35,866 INFO sqlalchemy.engine.Engine [cached since 0.007523s ago] ('project_connectors', 'r', 'p', 'f', 'v', 'm', 'pg_catalog')
2026-05-17 11:16:35,867 INFO sqlalchemy.engine.Engine SELECT pg_catalog.pg_class.relname 
FROM pg_catalog.pg_class JOIN pg_catalog.pg_namespace ON pg_catalog.pg_namespace.oid = pg_catalog.pg_class.relnamespace 
WHERE pg_catalog.pg_class.relname = $1::VARCHAR AND pg_catalog.pg_class.relkind = ANY (ARRAY[$2::VARCHAR, $3::VARCHAR, $4::VARCHAR, $5::VARCHAR, $6::VARCHAR]) AND pg_catalog.pg_table_is_visible(pg_catalog.pg_class.oid) AND pg_catalog.pg_namespace.nspname != $7::VARCHAR
2026-05-17 11:16:35,867 INFO sqlalchemy.engine.Engine [cached since 0.008758s ago] ('events', 'r', 'p', 'f', 'v', 'm', 'pg_catalog')
2026-05-17 11:16:35,868 INFO sqlalchemy.engine.Engine SELECT pg_catalog.pg_class.relname 
FROM pg_catalog.pg_class JOIN pg_catalog.pg_namespace ON pg_catalog.pg_namespace.oid = pg_catalog.pg_class.relnamespace 
WHERE pg_catalog.pg_class.relname = $1::VARCHAR AND pg_catalog.pg_class.relkind = ANY (ARRAY[$2::VARCHAR, $3::VARCHAR, $4::VARCHAR, $5::VARCHAR, $6::VARCHAR]) AND pg_catalog.pg_table_is_visible(pg_catalog.pg_class.oid) AND pg_catalog.pg_namespace.nspname != $7::VARCHAR
2026-05-17 11:16:35,868 INFO sqlalchemy.engine.Engine [cached since 0.009904s ago] ('embeddings', 'r', 'p', 'f', 'v', 'm', 'pg_catalog')
2026-05-17 11:16:35,869 INFO sqlalchemy.engine.Engine SELECT pg_catalog.pg_class.relname 
FROM pg_catalog.pg_class JOIN pg_catalog.pg_namespace ON pg_catalog.pg_namespace.oid = pg_catalog.pg_class.relnamespace 
WHERE pg_catalog.pg_class.relname = $1::VARCHAR AND pg_catalog.pg_class.relkind = ANY (ARRAY[$2::VARCHAR, $3::VARCHAR, $4::VARCHAR, $5::VARCHAR, $6::VARCHAR]) AND pg_catalog.pg_table_is_visible(pg_catalog.pg_class.oid) AND pg_catalog.pg_namespace.nspname != $7::VARCHAR
2026-05-17 11:16:35,869 INFO sqlalchemy.engine.Engine [cached since 0.01101s ago] ('features', 'r', 'p', 'f', 'v', 'm', 'pg_catalog')
2026-05-17 11:16:35,870 INFO sqlalchemy.engine.Engine SELECT pg_catalog.pg_class.relname 
FROM pg_catalog.pg_class JOIN pg_catalog.pg_namespace ON pg_catalog.pg_namespace.oid = pg_catalog.pg_class.relnamespace 
WHERE pg_catalog.pg_class.relname = $1::VARCHAR AND pg_catalog.pg_class.relkind = ANY (ARRAY[$2::VARCHAR, $3::VARCHAR, $4::VARCHAR, $5::VARCHAR, $6::VARCHAR]) AND pg_catalog.pg_table_is_visible(pg_catalog.pg_class.oid) AND pg_catalog.pg_namespace.nspname != $7::VARCHAR
2026-05-17 11:16:35,871 INFO sqlalchemy.engine.Engine [cached since 0.01209s ago] ('feature_links', 'r', 'p', 'f', 'v', 'm', 'pg_catalog')
2026-05-17 11:16:35,871 INFO sqlalchemy.engine.Engine SELECT pg_catalog.pg_class.relname 
FROM pg_catalog.pg_class JOIN pg_catalog.pg_namespace ON pg_catalog.pg_namespace.oid = pg_catalog.pg_class.relnamespace 
WHERE pg_catalog.pg_class.relname = $1::VARCHAR AND pg_catalog.pg_class.relkind = ANY (ARRAY[$2::VARCHAR, $3::VARCHAR, $4::VARCHAR, $5::VARCHAR, $6::VARCHAR]) AND pg_catalog.pg_table_is_visible(pg_catalog.pg_class.oid) AND pg_catalog.pg_namespace.nspname != $7::VARCHAR
2026-05-17 11:16:35,871 INFO sqlalchemy.engine.Engine [cached since 0.01305s ago] ('requirements', 'r', 'p', 'f', 'v', 'm', 'pg_catalog')
2026-05-17 11:16:35,872 INFO sqlalchemy.engine.Engine SELECT pg_catalog.pg_class.relname 
FROM pg_catalog.pg_class JOIN pg_catalog.pg_namespace ON pg_catalog.pg_namespace.oid = pg_catalog.pg_class.relnamespace 
WHERE pg_catalog.pg_class.relname = $1::VARCHAR AND pg_catalog.pg_class.relkind = ANY (ARRAY[$2::VARCHAR, $3::VARCHAR, $4::VARCHAR, $5::VARCHAR, $6::VARCHAR]) AND pg_catalog.pg_table_is_visible(pg_catalog.pg_class.oid) AND pg_catalog.pg_namespace.nspname != $7::VARCHAR
2026-05-17 11:16:35,872 INFO sqlalchemy.engine.Engine [cached since 0.01402s ago] ('decisions', 'r', 'p', 'f', 'v', 'm', 'pg_catalog')
2026-05-17 11:16:35,876 INFO sqlalchemy.engine.Engine SELECT pg_catalog.pg_class.relname 
FROM pg_catalog.pg_class JOIN pg_catalog.pg_namespace ON pg_catalog.pg_namespace.oid = pg_catalog.pg_class.relnamespace 
WHERE pg_catalog.pg_class.relname = $1::VARCHAR AND pg_catalog.pg_class.relkind = ANY (ARRAY[$2::VARCHAR, $3::VARCHAR, $4::VARCHAR, $5::VARCHAR, $6::VARCHAR]) AND pg_catalog.pg_table_is_visible(pg_catalog.pg_class.oid) AND pg_catalog.pg_namespace.nspname != $7::VARCHAR
2026-05-17 11:16:35,877 INFO sqlalchemy.engine.Engine [cached since 0.01834s ago] ('stakeholders', 'r', 'p', 'f', 'v', 'm', 'pg_catalog')
2026-05-17 11:16:35,879 INFO sqlalchemy.engine.Engine SELECT pg_catalog.pg_class.relname 
FROM pg_catalog.pg_class JOIN pg_catalog.pg_namespace ON pg_catalog.pg_namespace.oid = pg_catalog.pg_class.relnamespace 
WHERE pg_catalog.pg_class.relname = $1::VARCHAR AND pg_catalog.pg_class.relkind = ANY (ARRAY[$2::VARCHAR, $3::VARCHAR, $4::VARCHAR, $5::VARCHAR, $6::VARCHAR]) AND pg_catalog.pg_table_is_visible(pg_catalog.pg_class.oid) AND pg_catalog.pg_namespace.nspname != $7::VARCHAR
2026-05-17 11:16:35,879 INFO sqlalchemy.engine.Engine [cached since 0.02076s ago] ('graph_edges', 'r', 'p', 'f', 'v', 'm', 'pg_catalog')
2026-05-17 11:16:35,882 INFO sqlalchemy.engine.Engine SELECT pg_catalog.pg_type.typname 
FROM pg_catalog.pg_type JOIN pg_catalog.pg_namespace ON pg_catalog.pg_namespace.oid = pg_catalog.pg_type.typnamespace 
WHERE pg_catalog.pg_type.typname = $1::VARCHAR AND pg_catalog.pg_type_is_visible(pg_catalog.pg_type.oid) AND pg_catalog.pg_namespace.nspname != $2::VARCHAR
2026-05-17 11:16:35,882 INFO sqlalchemy.engine.Engine [generated in 0.00038s] ('syncstatus', 'pg_catalog')
2026-05-17 11:16:35,886 INFO sqlalchemy.engine.Engine SELECT pg_catalog.pg_type.typname 
FROM pg_catalog.pg_type JOIN pg_catalog.pg_namespace ON pg_catalog.pg_namespace.oid = pg_catalog.pg_type.typnamespace 
WHERE pg_catalog.pg_type.typname = $1::VARCHAR AND pg_catalog.pg_type_is_visible(pg_catalog.pg_type.oid) AND pg_catalog.pg_namespace.nspname != $2::VARCHAR
2026-05-17 11:16:35,886 INFO sqlalchemy.engine.Engine [cached since 0.003806s ago] ('featurestatus', 'pg_catalog')
2026-05-17 11:16:35,888 INFO sqlalchemy.engine.Engine SELECT pg_catalog.pg_type.typname 
FROM pg_catalog.pg_type JOIN pg_catalog.pg_namespace ON pg_catalog.pg_namespace.oid = pg_catalog.pg_type.typnamespace 
WHERE pg_catalog.pg_type.typname = $1::VARCHAR AND pg_catalog.pg_type_is_visible(pg_catalog.pg_type.oid) AND pg_catalog.pg_namespace.nspname != $2::VARCHAR
2026-05-17 11:16:35,888 INFO sqlalchemy.engine.Engine [cached since 0.005923s ago] ('requirementtype', 'pg_catalog')
2026-05-17 11:16:35,891 INFO sqlalchemy.engine.Engine SELECT pg_catalog.pg_type.typname 
FROM pg_catalog.pg_type JOIN pg_catalog.pg_namespace ON pg_catalog.pg_namespace.oid = pg_catalog.pg_type.typnamespace 
WHERE pg_catalog.pg_type.typname = $1::VARCHAR AND pg_catalog.pg_type_is_visible(pg_catalog.pg_type.oid) AND pg_catalog.pg_namespace.nspname != $2::VARCHAR
2026-05-17 11:16:35,891 INFO sqlalchemy.engine.Engine [cached since 0.008505s ago] ('requirementstatus', 'pg_catalog')
2026-05-17 11:16:35,894 INFO sqlalchemy.engine.Engine SELECT pg_catalog.pg_type.typname 
FROM pg_catalog.pg_type JOIN pg_catalog.pg_namespace ON pg_catalog.pg_namespace.oid = pg_catalog.pg_type.typnamespace 
WHERE pg_catalog.pg_type.typname = $1::VARCHAR AND pg_catalog.pg_type_is_visible(pg_catalog.pg_type.oid) AND pg_catalog.pg_namespace.nspname != $2::VARCHAR
2026-05-17 11:16:35,894 INFO sqlalchemy.engine.Engine [cached since 0.01187s ago] ('decisionstatus', 'pg_catalog')
2026-05-17 11:16:35,896 INFO sqlalchemy.engine.Engine SELECT pg_catalog.pg_type.typname 
FROM pg_catalog.pg_type JOIN pg_catalog.pg_namespace ON pg_catalog.pg_namespace.oid = pg_catalog.pg_type.typnamespace 
WHERE pg_catalog.pg_type.typname = $1::VARCHAR AND pg_catalog.pg_type_is_visible(pg_catalog.pg_type.oid) AND pg_catalog.pg_namespace.nspname != $2::VARCHAR
2026-05-17 11:16:35,896 INFO sqlalchemy.engine.Engine [cached since 0.01408s ago] ('stakeholderrole', 'pg_catalog')
2026-05-17 11:16:35,898 INFO sqlalchemy.engine.Engine SELECT pg_catalog.pg_type.typname 
FROM pg_catalog.pg_type JOIN pg_catalog.pg_namespace ON pg_catalog.pg_namespace.oid = pg_catalog.pg_type.typnamespace 
WHERE pg_catalog.pg_type.typname = $1::VARCHAR AND pg_catalog.pg_type_is_visible(pg_catalog.pg_type.oid) AND pg_catalog.pg_namespace.nspname != $2::VARCHAR
2026-05-17 11:16:35,898 INFO sqlalchemy.engine.Engine [cached since 0.01576s ago] ('edgetype', 'pg_catalog')
2026-05-17 11:16:35,899 INFO sqlalchemy.engine.Engine COMMIT
2026-05-17 11:16:37,213 INFO sqlalchemy.engine.Engine BEGIN (implicit)
2026-05-17 11:16:37,215 INFO sqlalchemy.engine.Engine INSERT INTO users (id, email, display_name, avatar_url, gitlab_user_id, gitlab_access_token, gitlab_refresh_token, gitlab_token_expires_at) VALUES ($1::UUID, $2::VARCHAR, $3::VARCHAR, $4::VARCHAR, $5::INTEGER, $6::VARCHAR, $7::VARCHAR, $8::TIMESTAMP WITH TIME ZONE) RETURNING users.created_at, users.updated_at
2026-05-17 11:16:37,215 INFO sqlalchemy.engine.Engine [generated in 0.00024s] (UUID('9e13aebb-0fee-4755-baa3-5bcf5362d9f1'), 'test_user_6399c7@example.com', 'Test User', None, None, None, None, None)
2026-05-17 11:16:37,222 INFO sqlalchemy.engine.Engine COMMIT
2026-05-17 11:16:37,228 INFO sqlalchemy.engine.Engine BEGIN (implicit)
2026-05-17 11:16:37,230 INFO sqlalchemy.engine.Engine SELECT users.id, users.email, users.display_name, users.avatar_url, users.gitlab_user_id, users.gitlab_access_token, users.gitlab_refresh_token, users.gitlab_token_expires_at, users.created_at, users.updated_at 
FROM users 
WHERE users.id = $1::UUID
2026-05-17 11:16:37,230 INFO sqlalchemy.engine.Engine [generated in 0.00022s] (UUID('9e13aebb-0fee-4755-baa3-5bcf5362d9f1'),)
2026-05-17 11:16:37,236 INFO sqlalchemy.engine.Engine INSERT INTO projects (id, name, description, owner_id) VALUES ($1::UUID, $2::VARCHAR, $3::VARCHAR, $4::UUID) RETURNING projects.created_at, projects.updated_at
2026-05-17 11:16:37,238 INFO sqlalchemy.engine.Engine [generated in 0.00023s] (UUID('7d07b36d-f74c-47db-92e9-8a5112e186e0'), 'Search Test Project d1e186', 'Testing Hybrid Search and BFS enrichment', UUID('9e13aebb-0fee-4755-baa3-5bcf5362d9f1'))
2026-05-17 11:16:37,242 INFO sqlalchemy.engine.Engine COMMIT
2026-05-17 11:16:37,245 INFO sqlalchemy.engine.Engine BEGIN (implicit)
2026-05-17 11:16:37,246 INFO sqlalchemy.engine.Engine SELECT projects.id, projects.name, projects.description, projects.owner_id, projects.created_at, projects.updated_at 
FROM projects 
WHERE projects.id = $1::UUID
2026-05-17 11:16:37,246 INFO sqlalchemy.engine.Engine [generated in 0.00016s] (UUID('7d07b36d-f74c-47db-92e9-8a5112e186e0'),)
2026-05-17 11:16:37,252 INFO sqlalchemy.engine.Engine INSERT INTO decisions (id, project_id, title, rationale, alternatives_considered, status, confidence, source_event_id, extra_metadata, decided_at) VALUES ($1::UUID, $2::UUID, $3::VARCHAR, $4::VARCHAR, $5::VARCHAR, $6::decisionstatus, $7::FLOAT, $8::UUID, $9::JSONB, $10::TIMESTAMP WITH TIME ZONE) RETURNING decisions.created_at, decisions.updated_at
2026-05-17 11:16:37,253 INFO sqlalchemy.engine.Engine [generated in 0.00030s] (UUID('3624c397-c146-447d-99cd-0eeb9823129a'), UUID('7d07b36d-f74c-47db-92e9-8a5112e186e0'), 'Use FastAPI for Backend Framework', 'We decided to use FastAPI because of its excellent support for async operations and automatic OpenAPI/Swagger documentation.', None, 'PROPOSED', 0.98, None, '{}', None)
2026-05-17 11:16:37,275 INFO sqlalchemy.engine.Engine INSERT INTO requirements (id, project_id, title, description, requirement_type, status, priority, confidence, source_event_id, extra_metadata) VALUES ($1::UUID, $2::UUID, $3::VARCHAR, $4::VARCHAR, $5::requirementtype, $6::requirementstatus, $7::INTEGER, $8::FLOAT, $9::UUID, $10::JSONB) RETURNING requirements.created_at, requirements.updated_at
2026-05-17 11:16:37,275 INFO sqlalchemy.engine.Engine [generated in 0.00045s] (UUID('f3b22c37-545b-4f5e-904a-3dae838e3913'), UUID('7d07b36d-f74c-47db-92e9-8a5112e186e0'), 'SSO Authentication Support', 'The system must support secure Google SSO authentication login workflow.', 'FUNCTIONAL', 'DRAFT', 0, 0.95, None, '{}')
2026-05-17 11:16:37,287 INFO sqlalchemy.engine.Engine COMMIT
2026-05-17 11:16:37,290 INFO sqlalchemy.engine.Engine BEGIN (implicit)
2026-05-17 11:16:37,293 INFO sqlalchemy.engine.Engine SELECT requirements.id, requirements.project_id, requirements.title, requirements.description, requirements.requirement_type, requirements.status, requirements.priority, requirements.confidence, requirements.source_event_id, requirements.extra_metadata, requirements.created_at, requirements.updated_at 
FROM requirements 
WHERE requirements.id = $1::UUID
2026-05-17 11:16:37,293 INFO sqlalchemy.engine.Engine [generated in 0.00024s] (UUID('f3b22c37-545b-4f5e-904a-3dae838e3913'),)
2026-05-17 11:16:37,299 INFO sqlalchemy.engine.Engine SELECT decisions.id, decisions.project_id, decisions.title, decisions.rationale, decisions.alternatives_considered, decisions.status, decisions.confidence, decisions.source_event_id, decisions.extra_metadata, decisions.decided_at, decisions.created_at, decisions.updated_at 
FROM decisions 
WHERE decisions.id = $1::UUID
2026-05-17 11:16:37,300 INFO sqlalchemy.engine.Engine [generated in 0.00064s] (UUID('3624c397-c146-447d-99cd-0eeb9823129a'),)
2026-05-17 11:16:37,306 INFO sqlalchemy.engine.Engine INSERT INTO graph_edges (id, project_id, source_type, source_id, target_type, target_id, edge_type, weight, description, extra_metadata) VALUES ($1::UUID, $2::UUID, $3::VARCHAR, $4::UUID, $5::VARCHAR, $6::UUID, $7::edgetype, $8::FLOAT, $9::VARCHAR, $10::JSONB) RETURNING graph_edges.created_at
2026-05-17 11:16:37,306 INFO sqlalchemy.engine.Engine [generated in 0.00032s] (UUID('c1d78925-b400-4ce1-baae-c34948ac9af0'), UUID('7d07b36d-f74c-47db-92e9-8a5112e186e0'), 'requirements', UUID('f3b22c37-545b-4f5e-904a-3dae838e3913'), 'decisions', UUID('3624c397-c146-447d-99cd-0eeb9823129a'), 'JUSTIFIED_BY', 1.0, 'The decision to use FastAPI justifies our SSO backend strategy.', '{}')
2026-05-17 11:16:37,318 INFO sqlalchemy.engine.Engine COMMIT
2026-05-17 11:16:38,547 INFO sqlalchemy.engine.Engine BEGIN (implicit)
2026-05-17 11:16:38,548 INFO sqlalchemy.engine.Engine SELECT requirements.id, requirements.project_id, requirements.title, requirements.description, requirements.requirement_type, requirements.status, requirements.priority, requirements.confidence, requirements.source_event_id, requirements.extra_metadata, requirements.created_at, requirements.updated_at 
FROM requirements 
WHERE requirements.project_id = $1::UUID AND (requirements.title ILIKE $2::VARCHAR OR requirements.description ILIKE $3::VARCHAR) 
 LIMIT $4::INTEGER
2026-05-17 11:16:38,549 INFO sqlalchemy.engine.Engine [generated in 0.00034s] (UUID('7d07b36d-f74c-47db-92e9-8a5112e186e0'), '%SSO Authentication%', '%SSO Authentication%', 5)
2026-05-17 11:16:38,559 INFO sqlalchemy.engine.Engine SELECT decisions.id, decisions.project_id, decisions.title, decisions.rationale, decisions.alternatives_considered, decisions.status, decisions.confidence, decisions.source_event_id, decisions.extra_metadata, decisions.decided_at, decisions.created_at, decisions.updated_at 
FROM decisions 
WHERE decisions.project_id = $1::UUID AND (decisions.title ILIKE $2::VARCHAR OR decisions.rationale ILIKE $3::VARCHAR) 
 LIMIT $4::INTEGER
2026-05-17 11:16:38,560 INFO sqlalchemy.engine.Engine [generated in 0.00034s] (UUID('7d07b36d-f74c-47db-92e9-8a5112e186e0'), '%SSO Authentication%', '%SSO Authentication%', 5)
2026-05-17 11:16:38,567 INFO sqlalchemy.engine.Engine SELECT events.id, events.project_id, events.connector_type, events.source_id, events.source_url, events.event_type, events.title, events.content, events.actor_name, events.actor_email, events.extra, events.source_timestamp, events.ingested_at 
FROM events 
WHERE events.project_id = $1::UUID AND (events.title ILIKE $2::VARCHAR OR events.content ILIKE $3::VARCHAR) 
 LIMIT $4::INTEGER
2026-05-17 11:16:38,567 INFO sqlalchemy.engine.Engine [generated in 0.00056s] (UUID('7d07b36d-f74c-47db-92e9-8a5112e186e0'), '%SSO Authentication%', '%SSO Authentication%', 5)
2026-05-17 11:16:38,998 INFO sqlalchemy.engine.Engine SELECT graph_edges.id, graph_edges.project_id, graph_edges.source_type, graph_edges.source_id, graph_edges.target_type, graph_edges.target_id, graph_edges.edge_type, graph_edges.weight, graph_edges.description, graph_edges.extra_metadata, graph_edges.created_at 
FROM graph_edges 
WHERE graph_edges.target_id = $1::UUID
2026-05-17 11:16:38,999 INFO sqlalchemy.engine.Engine [generated in 0.00047s] (UUID('f3b22c37-545b-4f5e-904a-3dae838e3913'),)
2026-05-17 11:16:39,008 INFO sqlalchemy.engine.Engine SELECT graph_edges.id, graph_edges.project_id, graph_edges.source_type, graph_edges.source_id, graph_edges.target_type, graph_edges.target_id, graph_edges.edge_type, graph_edges.weight, graph_edges.description, graph_edges.extra_metadata, graph_edges.created_at 
FROM graph_edges 
WHERE graph_edges.source_id = $1::UUID
2026-05-17 11:16:39,008 INFO sqlalchemy.engine.Engine [generated in 0.00058s] (UUID('f3b22c37-545b-4f5e-904a-3dae838e3913'),)
2026-05-17 11:16:39,017 INFO sqlalchemy.engine.Engine SELECT requirements.id, requirements.project_id, requirements.title, requirements.description, requirements.requirement_type, requirements.status, requirements.priority, requirements.confidence, requirements.source_event_id, requirements.extra_metadata, requirements.created_at, requirements.updated_at 
FROM requirements 
WHERE requirements.project_id = $1::UUID AND (requirements.title ILIKE $2::VARCHAR OR requirements.description ILIKE $3::VARCHAR) 
 LIMIT $4::INTEGER
2026-05-17 11:16:39,018 INFO sqlalchemy.engine.Engine [cached since 0.4692s ago] (UUID('7d07b36d-f74c-47db-92e9-8a5112e186e0'), '%login system credentials%', '%login system credentials%', 5)
2026-05-17 11:16:39,022 INFO sqlalchemy.engine.Engine SELECT decisions.id, decisions.project_id, decisions.title, decisions.rationale, decisions.alternatives_considered, decisions.status, decisions.confidence, decisions.source_event_id, decisions.extra_metadata, decisions.decided_at, decisions.created_at, decisions.updated_at 
FROM decisions 
WHERE decisions.project_id = $1::UUID AND (decisions.title ILIKE $2::VARCHAR OR decisions.rationale ILIKE $3::VARCHAR) 
 LIMIT $4::INTEGER
2026-05-17 11:16:39,022 INFO sqlalchemy.engine.Engine [cached since 0.4627s ago] (UUID('7d07b36d-f74c-47db-92e9-8a5112e186e0'), '%login system credentials%', '%login system credentials%', 5)
2026-05-17 11:16:39,027 INFO sqlalchemy.engine.Engine SELECT events.id, events.project_id, events.connector_type, events.source_id, events.source_url, events.event_type, events.title, events.content, events.actor_name, events.actor_email, events.extra, events.source_timestamp, events.ingested_at 
FROM events 
WHERE events.project_id = $1::UUID AND (events.title ILIKE $2::VARCHAR OR events.content ILIKE $3::VARCHAR) 
 LIMIT $4::INTEGER
2026-05-17 11:16:39,027 INFO sqlalchemy.engine.Engine [cached since 0.4608s ago] (UUID('7d07b36d-f74c-47db-92e9-8a5112e186e0'), '%login system credentials%', '%login system credentials%', 5)
2026-05-17 11:16:39,519 INFO sqlalchemy.engine.Engine ROLLBACK
=========================== short test summary info ===========================
FAILED tests/test_hybrid_search.py::test_hybrid_search_end_to_end - Assertion...
============================== 1 failed in 9.49s ==============================
